Building...
C:\Users\akostek\Desktop\5S_Güncel\Backend\FiveS.Infrastructure\FiveS.Infrastructure.csproj : warning NU1902: Package 'System.IdentityModel.Tokens.Jwt' 7.0.3 has a known moderate severity vulnerability, https://github.com/advisories/GHSA-59j7-ghrg-fj52 [C:\Users\akostek\Desktop\5S_Güncel\Backend\FiveS.Api\FiveS.Api.csproj]
C:\Users\akostek\Desktop\5S_Güncel\Backend\FiveS.Infrastructure\FiveS.Infrastructure.csproj : warning NU1902: Package 'System.IdentityModel.Tokens.Jwt' 7.0.3 has a known moderate severity vulnerability, https://github.com/advisories/GHSA-59j7-ghrg-fj52
dbug: Microsoft.EntityFrameworkCore.Infrastructure[10401]
      An 'IServiceProvider' was created for internal use by Entity Framework.
dbug: Microsoft.EntityFrameworkCore.Model[10601]
      The index {'AuditPlansId'} was not created on entity type 'AuditAuditPlan (Dictionary<string, object>)' as the properties are already covered by the index {'AuditPlansId', 'AuditsId'}.
dbug: Microsoft.EntityFrameworkCore.Model.Validation[10600]
      The property 'AuditAuditPlan (Dictionary<string, object>).AuditPlansId' was created in shadow state because there are no eligible CLR members with a matching name.
dbug: Microsoft.EntityFrameworkCore.Model.Validation[10600]
      The property 'AuditAuditPlan (Dictionary<string, object>).AuditsId' was created in shadow state because there are no eligible CLR members with a matching name.
dbug: Microsoft.EntityFrameworkCore.Infrastructure[10403]
      Entity Framework Core 8.0.0 initialized 'ApplicationDbContext' using provider 'Npgsql.EntityFrameworkCore.PostgreSQL:8.0.0+2539d1f4bd0d429cbae20336d531d14938a54297' with options: None
dbug: Microsoft.EntityFrameworkCore.Database.Connection[20005]
      Creating DbConnection.
dbug: Microsoft.EntityFrameworkCore.Database.Connection[20006]
      Created DbConnection. (7ms).
dbug: Microsoft.EntityFrameworkCore.Database.Connection[20000]
      Opening connection to database 'postgres' on server 'tcp://localhost:5432'.
dbug: Microsoft.EntityFrameworkCore.Database.Connection[20001]
      Opened connection to database 'postgres' on server 'tcp://localhost:5432'.
dbug: Microsoft.EntityFrameworkCore.Database.Connection[20002]
      Closing connection to database 'postgres' on server 'tcp://localhost:5432'.
dbug: Microsoft.EntityFrameworkCore.Database.Connection[20003]
      Closed connection to database 'postgres' on server 'tcp://localhost:5432' (1ms).
dbug: Microsoft.EntityFrameworkCore.Database.Command[20103]
      Creating DbCommand for 'ExecuteScalar'.
dbug: Microsoft.EntityFrameworkCore.Database.Command[20104]
      Created DbCommand for 'ExecuteScalar' (2ms).
dbug: Microsoft.EntityFrameworkCore.Database.Command[20106]
      Initialized DbCommand for 'ExecuteScalar' (4ms).
dbug: Microsoft.EntityFrameworkCore.Database.Connection[20000]
      Opening connection to database 'postgres' on server 'tcp://localhost:5432'.
dbug: Microsoft.EntityFrameworkCore.Database.Connection[20001]
      Opened connection to database 'postgres' on server 'tcp://localhost:5432'.
dbug: Microsoft.EntityFrameworkCore.Database.Command[20100]
      Executing DbCommand [Parameters=[], CommandType='Text', CommandTimeout='30']
      SELECT EXISTS (
    SELECT 1 FROM pg_catalog.pg_class c
    JOIN pg_catalog.pg_namespace n ON n.oid=c.relnamespace
    WHERE n.nspname='public' AND
          c.relname='__EFMigrationsHistory'
)
info: Microsoft.EntityFrameworkCore.Database.Command[20101]
      Executed DbCommand (23ms) [Parameters=[], CommandType='Text', CommandTimeout='30']
      SELECT EXISTS (
    SELECT 1 FROM pg_catalog.pg_class c
    JOIN pg_catalog.pg_namespace n ON n.oid=c.relnamespace
    WHERE n.nspname='public' AND
          c.relname='__EFMigrationsHistory'
)
dbug: Microsoft.EntityFrameworkCore.Database.Connection[20002]
      Closing connection to database 'postgres' on server 'tcp://localhost:5432'.
dbug: Microsoft.EntityFrameworkCore.Database.Connection[20003]
      Closed connection to database 'postgres' on server 'tcp://localhost:5432' (0ms).
dbug: Microsoft.EntityFrameworkCore.Database.Connection[20000]
      Opening connection to database 'postgres' on server 'tcp://localhost:5432'.
dbug: Microsoft.EntityFrameworkCore.Database.Connection[20001]
      Opened connection to database 'postgres' on server 'tcp://localhost:5432'.
dbug: Microsoft.EntityFrameworkCore.Database.Command[20103]
      Creating DbCommand for 'ExecuteReader'.
dbug: Microsoft.EntityFrameworkCore.Database.Command[20104]
      Created DbCommand for 'ExecuteReader' (0ms).
dbug: Microsoft.EntityFrameworkCore.Database.Command[20106]
      Initialized DbCommand for 'ExecuteReader' (0ms).
dbug: Microsoft.EntityFrameworkCore.Database.Command[20100]
      Executing DbCommand [Parameters=[], CommandType='Text', CommandTimeout='30']
      SELECT "MigrationId", "ProductVersion"
      FROM "__EFMigrationsHistory"
      ORDER BY "MigrationId";
info: Microsoft.EntityFrameworkCore.Database.Command[20101]
      Executed DbCommand (2ms) [Parameters=[], CommandType='Text', CommandTimeout='30']
      SELECT "MigrationId", "ProductVersion"
      FROM "__EFMigrationsHistory"
      ORDER BY "MigrationId";
dbug: Microsoft.EntityFrameworkCore.Database.Command[20301]
      Closing data reader to 'postgres' on server 'tcp://localhost:5432'.
dbug: Microsoft.EntityFrameworkCore.Database.Command[20300]
      A data reader for 'postgres' on server 'tcp://localhost:5432' is being disposed after spending 2ms reading results.
dbug: Microsoft.EntityFrameworkCore.Database.Connection[20002]
      Closing connection to database 'postgres' on server 'tcp://localhost:5432'.
dbug: Microsoft.EntityFrameworkCore.Database.Connection[20003]
      Closed connection to database 'postgres' on server 'tcp://localhost:5432' (0ms).
dbug: Microsoft.EntityFrameworkCore.Migrations[20400]
      Migrating using database 'postgres' on server 'tcp://localhost:5432'.
dbug: Microsoft.EntityFrameworkCore.Database.Connection[20000]
      Opening connection to database 'postgres' on server 'tcp://localhost:5432'.
dbug: Microsoft.EntityFrameworkCore.Database.Connection[20001]
      Opened connection to database 'postgres' on server 'tcp://localhost:5432'.
dbug: Microsoft.EntityFrameworkCore.Database.Connection[20002]
      Closing connection to database 'postgres' on server 'tcp://localhost:5432'.
dbug: Microsoft.EntityFrameworkCore.Database.Connection[20003]
      Closed connection to database 'postgres' on server 'tcp://localhost:5432' (0ms).
dbug: Microsoft.EntityFrameworkCore.Database.Command[20103]
      Creating DbCommand for 'ExecuteScalar'.
dbug: Microsoft.EntityFrameworkCore.Database.Command[20104]
      Created DbCommand for 'ExecuteScalar' (0ms).
dbug: Microsoft.EntityFrameworkCore.Database.Command[20106]
      Initialized DbCommand for 'ExecuteScalar' (0ms).
dbug: Microsoft.EntityFrameworkCore.Database.Connection[20000]
      Opening connection to database 'postgres' on server 'tcp://localhost:5432'.
dbug: Microsoft.EntityFrameworkCore.Database.Connection[20001]
      Opened connection to database 'postgres' on server 'tcp://localhost:5432'.
dbug: Microsoft.EntityFrameworkCore.Database.Command[20100]
      Executing DbCommand [Parameters=[], CommandType='Text', CommandTimeout='30']
      SELECT EXISTS (
    SELECT 1 FROM pg_catalog.pg_class c
    JOIN pg_catalog.pg_namespace n ON n.oid=c.relnamespace
    WHERE n.nspname='public' AND
          c.relname='__EFMigrationsHistory'
)
info: Microsoft.EntityFrameworkCore.Database.Command[20101]
      Executed DbCommand (0ms) [Parameters=[], CommandType='Text', CommandTimeout='30']
      SELECT EXISTS (
    SELECT 1 FROM pg_catalog.pg_class c
    JOIN pg_catalog.pg_namespace n ON n.oid=c.relnamespace
    WHERE n.nspname='public' AND
          c.relname='__EFMigrationsHistory'
)
dbug: Microsoft.EntityFrameworkCore.Database.Connection[20002]
      Closing connection to database 'postgres' on server 'tcp://localhost:5432'.
dbug: Microsoft.EntityFrameworkCore.Database.Connection[20003]
      Closed connection to database 'postgres' on server 'tcp://localhost:5432' (0ms).
dbug: Microsoft.EntityFrameworkCore.Database.Connection[20000]
      Opening connection to database 'postgres' on server 'tcp://localhost:5432'.
dbug: Microsoft.EntityFrameworkCore.Database.Connection[20001]
      Opened connection to database 'postgres' on server 'tcp://localhost:5432'.
dbug: Microsoft.EntityFrameworkCore.Database.Connection[20002]
      Closing connection to database 'postgres' on server 'tcp://localhost:5432'.
dbug: Microsoft.EntityFrameworkCore.Database.Connection[20003]
      Closed connection to database 'postgres' on server 'tcp://localhost:5432' (0ms).
dbug: Microsoft.EntityFrameworkCore.Database.Command[20103]
      Creating DbCommand for 'ExecuteScalar'.
dbug: Microsoft.EntityFrameworkCore.Database.Command[20104]
      Created DbCommand for 'ExecuteScalar' (0ms).
dbug: Microsoft.EntityFrameworkCore.Database.Command[20106]
      Initialized DbCommand for 'ExecuteScalar' (0ms).
dbug: Microsoft.EntityFrameworkCore.Database.Connection[20000]
      Opening connection to database 'postgres' on server 'tcp://localhost:5432'.
dbug: Microsoft.EntityFrameworkCore.Database.Connection[20001]
      Opened connection to database 'postgres' on server 'tcp://localhost:5432'.
dbug: Microsoft.EntityFrameworkCore.Database.Command[20100]
      Executing DbCommand [Parameters=[], CommandType='Text', CommandTimeout='30']
      SELECT EXISTS (
    SELECT 1 FROM pg_catalog.pg_class c
    JOIN pg_catalog.pg_namespace n ON n.oid=c.relnamespace
    WHERE n.nspname='public' AND
          c.relname='__EFMigrationsHistory'
)
info: Microsoft.EntityFrameworkCore.Database.Command[20101]
      Executed DbCommand (0ms) [Parameters=[], CommandType='Text', CommandTimeout='30']
      SELECT EXISTS (
    SELECT 1 FROM pg_catalog.pg_class c
    JOIN pg_catalog.pg_namespace n ON n.oid=c.relnamespace
    WHERE n.nspname='public' AND
          c.relname='__EFMigrationsHistory'
)
dbug: Microsoft.EntityFrameworkCore.Database.Connection[20002]
      Closing connection to database 'postgres' on server 'tcp://localhost:5432'.
dbug: Microsoft.EntityFrameworkCore.Database.Connection[20003]
      Closed connection to database 'postgres' on server 'tcp://localhost:5432' (0ms).
dbug: Microsoft.EntityFrameworkCore.Database.Connection[20000]
      Opening connection to database 'postgres' on server 'tcp://localhost:5432'.
dbug: Microsoft.EntityFrameworkCore.Database.Connection[20001]
      Opened connection to database 'postgres' on server 'tcp://localhost:5432'.
dbug: Microsoft.EntityFrameworkCore.Database.Command[20103]
      Creating DbCommand for 'ExecuteReader'.
dbug: Microsoft.EntityFrameworkCore.Database.Command[20104]
      Created DbCommand for 'ExecuteReader' (0ms).
dbug: Microsoft.EntityFrameworkCore.Database.Command[20106]
      Initialized DbCommand for 'ExecuteReader' (0ms).
dbug: Microsoft.EntityFrameworkCore.Database.Command[20100]
      Executing DbCommand [Parameters=[], CommandType='Text', CommandTimeout='30']
      SELECT "MigrationId", "ProductVersion"
      FROM "__EFMigrationsHistory"
      ORDER BY "MigrationId";
info: Microsoft.EntityFrameworkCore.Database.Command[20101]
      Executed DbCommand (0ms) [Parameters=[], CommandType='Text', CommandTimeout='30']
      SELECT "MigrationId", "ProductVersion"
      FROM "__EFMigrationsHistory"
      ORDER BY "MigrationId";
dbug: Microsoft.EntityFrameworkCore.Database.Command[20301]
      Closing data reader to 'postgres' on server 'tcp://localhost:5432'.
dbug: Microsoft.EntityFrameworkCore.Database.Command[20300]
      A data reader for 'postgres' on server 'tcp://localhost:5432' is being disposed after spending 0ms reading results.
dbug: Microsoft.EntityFrameworkCore.Database.Connection[20002]
      Closing connection to database 'postgres' on server 'tcp://localhost:5432'.
dbug: Microsoft.EntityFrameworkCore.Database.Connection[20003]
      Closed connection to database 'postgres' on server 'tcp://localhost:5432' (0ms).
dbug: Microsoft.EntityFrameworkCore.Migrations[20406]
      No migrations were found in assembly 'FiveS.Infrastructure'.
info: Microsoft.EntityFrameworkCore.Migrations[20405]
      No migrations were applied. The database is already up to date.
dbug: Microsoft.EntityFrameworkCore.Migrations[20406]
      No migrations were found in assembly 'FiveS.Infrastructure'.
dbug: Microsoft.EntityFrameworkCore.Infrastructure[10407]
      'ApplicationDbContext' disposed.
dbug: Microsoft.EntityFrameworkCore.Database.Connection[20007]
      Disposing connection to database 'postgres' on server 'tcp://localhost:5432'.
dbug: Microsoft.EntityFrameworkCore.Database.Connection[20008]
      Disposed connection to database 'postgres' on server 'tcp://localhost:5432' (0ms).
dbug: Microsoft.Extensions.Hosting.Internal.Host[1]
      Hosting starting
info: Microsoft.AspNetCore.DataProtection.KeyManagement.XmlKeyManager[63]
      User profile is available. Using 'C:\Users\akostek\AppData\Local\ASP.NET\DataProtection-Keys' as key repository and Windows DPAPI to encrypt keys at rest.
info: Microsoft.Hosting.Lifetime[14]
      Now listening on: http://localhost:5000
info: Microsoft.Hosting.Lifetime[0]
      Application started. Press Ctrl+C to shut down.
info: Microsoft.Hosting.Lifetime[0]
      Hosting environment: Development
info: Microsoft.Hosting.Lifetime[0]
      Content root path: C:\Users\akostek\Desktop\5S_Güncel\Backend\FiveS.Api
dbug: Microsoft.Extensions.Hosting.Internal.Host[2]
      Hosting started
info: Microsoft.AspNetCore.Hosting.Diagnostics[1]
      Request starting HTTP/1.1 GET http://localhost:5000/api/AuditPlans - - -
warn: Microsoft.AspNetCore.HttpsPolicy.HttpsRedirectionMiddleware[3]
      Failed to determine the https port for redirect.
info: Microsoft.AspNetCore.Authorization.DefaultAuthorizationService[2]
      Authorization failed. These requirements were not met:
      DenyAnonymousAuthorizationRequirement: Requires an authenticated user.
info: Microsoft.AspNetCore.Authentication.JwtBearer.JwtBearerHandler[12]
      AuthenticationScheme: Bearer was challenged.
info: Microsoft.AspNetCore.Hosting.Diagnostics[2]
      Request finished HTTP/1.1 GET http://localhost:5000/api/AuditPlans - 401 0 - 29.1764ms
info: Microsoft.AspNetCore.Hosting.Diagnostics[1]
      Request starting HTTP/1.1 POST http://localhost:5000/api/auth/login - application/json 39
info: Microsoft.AspNetCore.Routing.EndpointMiddleware[0]
      Executing endpoint 'FiveS.Api.Controllers.AuthController.Login (FiveS.Api)'
info: Microsoft.AspNetCore.Mvc.Infrastructure.ControllerActionInvoker[102]
      Route matched with {action = "Login", controller = "Auth"}. Executing controller action with signature System.Threading.Tasks.Task`1[Microsoft.AspNetCore.Mvc.IActionResult] Login(FiveS.Application.DTOs.Auth.LoginRequestDto) on controller FiveS.Api.Controllers.AuthController (FiveS.Api).
dbug: Microsoft.EntityFrameworkCore.Infrastructure[10403]
      Entity Framework Core 8.0.0 initialized 'ApplicationDbContext' using provider 'Npgsql.EntityFrameworkCore.PostgreSQL:8.0.0+2539d1f4bd0d429cbae20336d531d14938a54297' with options: None
info: Microsoft.AspNetCore.Mvc.Infrastructure.ObjectResultExecutor[1]
      Executing BadRequestObjectResult, writing value of type 'Microsoft.AspNetCore.Mvc.ValidationProblemDetails'.
info: Microsoft.AspNetCore.Mvc.Infrastructure.ControllerActionInvoker[105]
      Executed action FiveS.Api.Controllers.AuthController.Login (FiveS.Api) in 25.4089ms
info: Microsoft.AspNetCore.Routing.EndpointMiddleware[1]
      Executed endpoint 'FiveS.Api.Controllers.AuthController.Login (FiveS.Api)'
dbug: Microsoft.EntityFrameworkCore.Infrastructure[10407]
      'ApplicationDbContext' disposed.
info: Microsoft.AspNetCore.Hosting.Diagnostics[2]
      Request finished HTTP/1.1 POST http://localhost:5000/api/auth/login - 400 - application/problem+json;+charset=utf-8 38.9353ms
info: Microsoft.AspNetCore.Hosting.Diagnostics[1]
      Request starting HTTP/1.1 POST http://localhost:5000/api/auth/login - application/json 48
info: Microsoft.AspNetCore.Routing.EndpointMiddleware[0]
      Executing endpoint 'FiveS.Api.Controllers.AuthController.Login (FiveS.Api)'
info: Microsoft.AspNetCore.Mvc.Infrastructure.ControllerActionInvoker[102]
      Route matched with {action = "Login", controller = "Auth"}. Executing controller action with signature System.Threading.Tasks.Task`1[Microsoft.AspNetCore.Mvc.IActionResult] Login(FiveS.Application.DTOs.Auth.LoginRequestDto) on controller FiveS.Api.Controllers.AuthController (FiveS.Api).
dbug: Microsoft.EntityFrameworkCore.Infrastructure[10403]
      Entity Framework Core 8.0.0 initialized 'ApplicationDbContext' using provider 'Npgsql.EntityFrameworkCore.PostgreSQL:8.0.0+2539d1f4bd0d429cbae20336d531d14938a54297' with options: None
info: Microsoft.AspNetCore.Mvc.Infrastructure.ObjectResultExecutor[1]
      Executing BadRequestObjectResult, writing value of type 'Microsoft.AspNetCore.Mvc.ValidationProblemDetails'.
info: Microsoft.AspNetCore.Mvc.Infrastructure.ControllerActionInvoker[105]
      Executed action FiveS.Api.Controllers.AuthController.Login (FiveS.Api) in 32.3332ms
info: Microsoft.AspNetCore.Routing.EndpointMiddleware[1]
      Executed endpoint 'FiveS.Api.Controllers.AuthController.Login (FiveS.Api)'
dbug: Microsoft.EntityFrameworkCore.Infrastructure[10407]
      'ApplicationDbContext' disposed.
info: Microsoft.AspNetCore.Hosting.Diagnostics[2]
      Request finished HTTP/1.1 POST http://localhost:5000/api/auth/login - 400 - application/problem+json;+charset=utf-8 33.6261ms
info: Microsoft.AspNetCore.Hosting.Diagnostics[1]
      Request starting HTTP/1.1 POST http://localhost:5000/api/auth/login - application/json 40
info: Microsoft.AspNetCore.Routing.EndpointMiddleware[0]
      Executing endpoint 'FiveS.Api.Controllers.AuthController.Login (FiveS.Api)'
info: Microsoft.AspNetCore.Mvc.Infrastructure.ControllerActionInvoker[102]
      Route matched with {action = "Login", controller = "Auth"}. Executing controller action with signature System.Threading.Tasks.Task`1[Microsoft.AspNetCore.Mvc.IActionResult] Login(FiveS.Application.DTOs.Auth.LoginRequestDto) on controller FiveS.Api.Controllers.AuthController (FiveS.Api).
dbug: Microsoft.EntityFrameworkCore.Infrastructure[10403]
      Entity Framework Core 8.0.0 initialized 'ApplicationDbContext' using provider 'Npgsql.EntityFrameworkCore.PostgreSQL:8.0.0+2539d1f4bd0d429cbae20336d531d14938a54297' with options: None
info: Microsoft.AspNetCore.Mvc.Infrastructure.ObjectResultExecutor[1]
      Executing BadRequestObjectResult, writing value of type 'Microsoft.AspNetCore.Mvc.ValidationProblemDetails'.
info: Microsoft.AspNetCore.Mvc.Infrastructure.ControllerActionInvoker[105]
      Executed action FiveS.Api.Controllers.AuthController.Login (FiveS.Api) in 3.5121ms
info: Microsoft.AspNetCore.Routing.EndpointMiddleware[1]
      Executed endpoint 'FiveS.Api.Controllers.AuthController.Login (FiveS.Api)'
dbug: Microsoft.EntityFrameworkCore.Infrastructure[10407]
      'ApplicationDbContext' disposed.
info: Microsoft.AspNetCore.Hosting.Diagnostics[2]
      Request finished HTTP/1.1 POST http://localhost:5000/api/auth/login - 400 - application/problem+json;+charset=utf-8 4.5718ms
info: Microsoft.AspNetCore.Hosting.Diagnostics[1]
      Request starting HTTP/1.1 GET http://localhost:5000/api/health - - -
info: Microsoft.AspNetCore.Routing.EndpointMiddleware[0]
      Executing endpoint 'HTTP: GET /api/health'
info: Microsoft.AspNetCore.Routing.EndpointMiddleware[1]
      Executed endpoint 'HTTP: GET /api/health'
info: Microsoft.AspNetCore.Hosting.Diagnostics[2]
      Request finished HTTP/1.1 GET http://localhost:5000/api/health - 200 - application/json;+charset=utf-8 1.6657ms
info: Microsoft.AspNetCore.Hosting.Diagnostics[1]
      Request starting HTTP/1.1 GET http://localhost:5000/api/AuditPlans - - -
info: Microsoft.AspNetCore.Authorization.DefaultAuthorizationService[2]
      Authorization failed. These requirements were not met:
      DenyAnonymousAuthorizationRequirement: Requires an authenticated user.
info: Microsoft.AspNetCore.Authentication.JwtBearer.JwtBearerHandler[12]
      AuthenticationScheme: Bearer was challenged.
info: Microsoft.AspNetCore.Hosting.Diagnostics[2]
      Request finished HTTP/1.1 GET http://localhost:5000/api/AuditPlans - 401 0 - 0.9461ms
info: Microsoft.AspNetCore.Hosting.Diagnostics[1]
      Request starting HTTP/1.1 POST http://localhost:5000/api/auth/login - application/json 47
info: Microsoft.AspNetCore.Routing.EndpointMiddleware[0]
      Executing endpoint 'FiveS.Api.Controllers.AuthController.Login (FiveS.Api)'
info: Microsoft.AspNetCore.Mvc.Infrastructure.ControllerActionInvoker[102]
      Route matched with {action = "Login", controller = "Auth"}. Executing controller action with signature System.Threading.Tasks.Task`1[Microsoft.AspNetCore.Mvc.IActionResult] Login(FiveS.Application.DTOs.Auth.LoginRequestDto) on controller FiveS.Api.Controllers.AuthController (FiveS.Api).
dbug: Microsoft.EntityFrameworkCore.Infrastructure[10403]
      Entity Framework Core 8.0.0 initialized 'ApplicationDbContext' using provider 'Npgsql.EntityFrameworkCore.PostgreSQL:8.0.0+2539d1f4bd0d429cbae20336d531d14938a54297' with options: None
dbug: Microsoft.EntityFrameworkCore.Query[10111]
      Compiling query expression: 
      'DbSet<User>()
          .Include(u => u.Department)
          .Include(u => u.Sector)
          .Include(u => u.Directorate)
          .FirstOrDefault(u => u.Email == __loginDto_Email_0 && u.IsActive)'
dbug: Microsoft.EntityFrameworkCore.Query[10112]
      Including navigation: 'User.Department'.
dbug: Microsoft.EntityFrameworkCore.Query[10112]
      Including navigation: 'User.Sector'.
dbug: Microsoft.EntityFrameworkCore.Query[10112]
      Including navigation: 'User.Directorate'.
dbug: Microsoft.EntityFrameworkCore.Query[10107]
      Generated query execution expression: 
      'queryContext => ShapedQueryCompilingExpressionVisitor.SingleOrDefaultAsync<User>(
          asyncEnumerable: new SingleQueryingEnumerable<User>(
              (RelationalQueryContext)queryContext, 
              RelationalCommandCache.QueryExpression(
                  Client Projections:
                      0 -> Dictionary<IProperty, int> { [Property: User.Id (int) Required PK AfterSave:Throw ValueGenerated.OnAdd, 0], [Property: User.CreatedAt (DateTime) Required, 1], [Property: User.DepartmentId (int?) FK Index, 2], [Property: User.DirectorateId (int?) FK Index, 3], [Property: User.Email (string) Required Index MaxLength(255), 4], [Property: User.IsActive (bool) Required, 5], [Property: User.LastLogin (DateTime?), 6], [Property: User.Name (string) Required MaxLength(255), 7], [Property: User.PasswordHash (string) Required, 8], [Property: User.Role (UserRole) Required MaxLength(50), 9], [Property: User.SectorId (int?) FK Index, 10], [Property: User.Sicil (string) MaxLength(50), 11], [Property: User.UpdatedAt (DateTime?), 12], [Property: User.Username (string) Index MaxLength(100), 13] }
                      1 -> Dictionary<IProperty, int> { [Property: Department.Id (int) Required PK AfterSave:Throw ValueGenerated.OnAdd, 14], [Property: Department.CreatedAt (DateTime) Required, 15], [Property: Department.Description (string) MaxLength(1000), 16], [Property: Department.DirectorateId (int?) FK Index, 17], [Property: Department.IsActive (bool) Required, 18], [Property: Department.Name (string) Required Index MaxLength(255), 19], [Property: Department.SectorId (int?) FK Index, 20], [Property: Department.UpdatedAt (DateTime?), 21] }
                      2 -> Dictionary<IProperty, int> { [Property: Sector.Id (int) Required PK AfterSave:Throw ValueGenerated.OnAdd, 22], [Property: Sector.CreatedAt (DateTime) Required, 23], [Property: Sector.Description (string) MaxLength(500), 24], [Property: Sector.IsActive (bool) Required Sentinel:True ValueGenerated.OnAdd, 25], [Property: Sector.Name (string) Required MaxLength(100), 26], [Property: Sector.UpdatedAt (DateTime?), 27] }
                      3 -> Dictionary<IProperty, int> { [Property: Directorate.Id (int) Required PK AfterSave:Throw ValueGenerated.OnAdd, 28], [Property: Directorate.CreatedAt (DateTime) Required, 29], [Property: Directorate.Description (string) MaxLength(500), 30], [Property: Directorate.IsActive (bool) Required Sentinel:True ValueGenerated.OnAdd, 31], [Property: Directorate.Name (string) Required MaxLength(100), 32], [Property: Directorate.UpdatedAt (DateTime?), 33] }
                  SELECT TOP(1) k.Id, k.OlusturmaTarihi, k.BolumId, k.DirektorlukId, k.Email, k.Aktif, k.SonGiris, k.AdSoyad, k.Sifre, k.Rol, k.SektorId, k.SicilNo, k.GuncellemeTarihi, k.KullaniciAdi, b.Id, b.OlusturmaTarihi, b.Aciklama, b.DirektorlukId, b.Aktif, b.BolumAdi, b.SektorId, b.GuncellemeTarihi, s.Id, s.OlusturmaTarihi, s.Aciklama, s.Aktif, s.SektorAdi, s.GuncellemeTarihi, d.Id, d.OlusturmaTarihi, d.Aciklama, d.Aktif, d.DirektorlukAdi, d.GuncellemeTarihi
                  FROM Kullanicilar AS k
                  LEFT JOIN Bolumler AS b ON k.BolumId == b.Id
                  LEFT JOIN Sektorler AS s ON k.SektorId == s.Id
                  LEFT JOIN Direktorlukler AS d ON k.DirektorlukId == d.Id
                  WHERE (k.Email == @__loginDto_Email_0) && k.Aktif), 
              null, 
              Func<QueryContext, DbDataReader, ResultContext, SingleQueryResultCoordinator, User>, 
              FiveS.Infrastructure.Data.ApplicationDbContext, 
              False, 
              False, 
              True
          ), 
          cancellationToken: queryContext.CancellationToken)'
dbug: Microsoft.EntityFrameworkCore.Database.Connection[20005]
      Creating DbConnection.
dbug: Microsoft.EntityFrameworkCore.Database.Connection[20006]
      Created DbConnection. (0ms).
dbug: Microsoft.EntityFrameworkCore.Database.Connection[20000]
      Opening connection to database 'postgres' on server 'tcp://localhost:5432'.
dbug: Microsoft.EntityFrameworkCore.Database.Connection[20001]
      Opened connection to database 'postgres' on server 'tcp://localhost:5432'.
dbug: Microsoft.EntityFrameworkCore.Database.Command[20103]
      Creating DbCommand for 'ExecuteReader'.
dbug: Microsoft.EntityFrameworkCore.Database.Command[20104]
      Created DbCommand for 'ExecuteReader' (0ms).
dbug: Microsoft.EntityFrameworkCore.Database.Command[20106]
      Initialized DbCommand for 'ExecuteReader' (0ms).
dbug: Microsoft.EntityFrameworkCore.Database.Command[20100]
      Executing DbCommand [Parameters=[@__loginDto_Email_0='?'], CommandType='Text', CommandTimeout='30']
      SELECT k."Id", k."OlusturmaTarihi", k."BolumId", k."DirektorlukId", k."Email", k."Aktif", k."SonGiris", k."AdSoyad", k."Sifre", k."Rol", k."SektorId", k."SicilNo", k."GuncellemeTarihi", k."KullaniciAdi", b."Id", b."OlusturmaTarihi", b."Aciklama", b."DirektorlukId", b."Aktif", b."BolumAdi", b."SektorId", b."GuncellemeTarihi", s."Id", s."OlusturmaTarihi", s."Aciklama", s."Aktif", s."SektorAdi", s."GuncellemeTarihi", d."Id", d."OlusturmaTarihi", d."Aciklama", d."Aktif", d."DirektorlukAdi", d."GuncellemeTarihi"
      FROM "Kullanicilar" AS k
      LEFT JOIN "Bolumler" AS b ON k."BolumId" = b."Id"
      LEFT JOIN "Sektorler" AS s ON k."SektorId" = s."Id"
      LEFT JOIN "Direktorlukler" AS d ON k."DirektorlukId" = d."Id"
      WHERE k."Email" = @__loginDto_Email_0 AND k."Aktif"
      LIMIT 1
info: Microsoft.EntityFrameworkCore.Database.Command[20101]
      Executed DbCommand (8ms) [Parameters=[@__loginDto_Email_0='?'], CommandType='Text', CommandTimeout='30']
      SELECT k."Id", k."OlusturmaTarihi", k."BolumId", k."DirektorlukId", k."Email", k."Aktif", k."SonGiris", k."AdSoyad", k."Sifre", k."Rol", k."SektorId", k."SicilNo", k."GuncellemeTarihi", k."KullaniciAdi", b."Id", b."OlusturmaTarihi", b."Aciklama", b."DirektorlukId", b."Aktif", b."BolumAdi", b."SektorId", b."GuncellemeTarihi", s."Id", s."OlusturmaTarihi", s."Aciklama", s."Aktif", s."SektorAdi", s."GuncellemeTarihi", d."Id", d."OlusturmaTarihi", d."Aciklama", d."Aktif", d."DirektorlukAdi", d."GuncellemeTarihi"
      FROM "Kullanicilar" AS k
      LEFT JOIN "Bolumler" AS b ON k."BolumId" = b."Id"
      LEFT JOIN "Sektorler" AS s ON k."SektorId" = s."Id"
      LEFT JOIN "Direktorlukler" AS d ON k."DirektorlukId" = d."Id"
      WHERE k."Email" = @__loginDto_Email_0 AND k."Aktif"
      LIMIT 1
dbug: Microsoft.EntityFrameworkCore.ChangeTracking[10806]
      Context 'ApplicationDbContext' started tracking 'User' entity. Consider using 'DbContextOptionsBuilder.EnableSensitiveDataLogging' to see key values.
dbug: Microsoft.EntityFrameworkCore.ChangeTracking[10805]
      The navigation 'User.Sector' was detected as changed. Consider using 'DbContextOptionsBuilder.EnableSensitiveDataLogging' to see key values.
dbug: Microsoft.EntityFrameworkCore.ChangeTracking[10806]
      Context 'ApplicationDbContext' started tracking 'Sector' entity. Consider using 'DbContextOptionsBuilder.EnableSensitiveDataLogging' to see key values.
dbug: Microsoft.EntityFrameworkCore.ChangeTracking[10805]
      The navigation 'User.Directorate' was detected as changed. Consider using 'DbContextOptionsBuilder.EnableSensitiveDataLogging' to see key values.
dbug: Microsoft.EntityFrameworkCore.ChangeTracking[10806]
      Context 'ApplicationDbContext' started tracking 'Directorate' entity. Consider using 'DbContextOptionsBuilder.EnableSensitiveDataLogging' to see key values.
dbug: Microsoft.EntityFrameworkCore.Database.Command[20301]
      Closing data reader to 'postgres' on server 'tcp://localhost:5432'.
dbug: Microsoft.EntityFrameworkCore.Database.Command[20300]
      A data reader for 'postgres' on server 'tcp://localhost:5432' is being disposed after spending 50ms reading results.
dbug: Microsoft.EntityFrameworkCore.Database.Connection[20002]
      Closing connection to database 'postgres' on server 'tcp://localhost:5432'.
dbug: Microsoft.EntityFrameworkCore.Database.Connection[20003]
      Closed connection to database 'postgres' on server 'tcp://localhost:5432' (0ms).
dbug: Microsoft.EntityFrameworkCore.ChangeTracking[10807]
      An entity of type 'User' tracked by 'ApplicationDbContext' changed state from 'Unchanged' to 'Modified'. Consider using 'DbContextOptionsBuilder.EnableSensitiveDataLogging' to see key values.
dbug: Microsoft.EntityFrameworkCore.Update[10004]
      SaveChanges starting for 'ApplicationDbContext'.
dbug: Microsoft.EntityFrameworkCore.ChangeTracking[10800]
      DetectChanges starting for 'ApplicationDbContext'.
dbug: Microsoft.EntityFrameworkCore.ChangeTracking[10801]
      DetectChanges completed for 'ApplicationDbContext'.
dbug: Microsoft.EntityFrameworkCore.Database.Connection[20000]
      Opening connection to database 'postgres' on server 'tcp://localhost:5432'.
dbug: Microsoft.EntityFrameworkCore.Database.Connection[20001]
      Opened connection to database 'postgres' on server 'tcp://localhost:5432'.
dbug: Microsoft.EntityFrameworkCore.Database.Command[20103]
      Creating DbCommand for 'ExecuteReader'.
dbug: Microsoft.EntityFrameworkCore.Database.Command[20104]
      Created DbCommand for 'ExecuteReader' (0ms).
dbug: Microsoft.EntityFrameworkCore.Database.Command[20106]
      Initialized DbCommand for 'ExecuteReader' (0ms).
dbug: Microsoft.EntityFrameworkCore.Database.Command[20100]
      Executing DbCommand [Parameters=[@p13='?' (DbType = Int32), @p0='?' (DbType = DateTime), @p1='?' (DbType = Int32), @p2='?' (DbType = Int32), @p3='?', @p4='?' (DbType = Boolean), @p5='?' (DbType = DateTime), @p6='?', @p7='?', @p8='?', @p9='?' (DbType = Int32), @p10='?', @p11='?' (DbType = DateTime), @p12='?'], CommandType='Text', CommandTimeout='30']
      UPDATE "Kullanicilar" SET "OlusturmaTarihi" = @p0, "BolumId" = @p1, "DirektorlukId" = @p2, "Email" = @p3, "Aktif" = @p4, "SonGiris" = @p5, "AdSoyad" = @p6, "Sifre" = @p7, "Rol" = @p8, "SektorId" = @p9, "SicilNo" = @p10, "GuncellemeTarihi" = @p11, "KullaniciAdi" = @p12
      WHERE "Id" = @p13;
info: Microsoft.EntityFrameworkCore.Database.Command[20101]
      Executed DbCommand (2ms) [Parameters=[@p13='?' (DbType = Int32), @p0='?' (DbType = DateTime), @p1='?' (DbType = Int32), @p2='?' (DbType = Int32), @p3='?', @p4='?' (DbType = Boolean), @p5='?' (DbType = DateTime), @p6='?', @p7='?', @p8='?', @p9='?' (DbType = Int32), @p10='?', @p11='?' (DbType = DateTime), @p12='?'], CommandType='Text', CommandTimeout='30']
      UPDATE "Kullanicilar" SET "OlusturmaTarihi" = @p0, "BolumId" = @p1, "DirektorlukId" = @p2, "Email" = @p3, "Aktif" = @p4, "SonGiris" = @p5, "AdSoyad" = @p6, "Sifre" = @p7, "Rol" = @p8, "SektorId" = @p9, "SicilNo" = @p10, "GuncellemeTarihi" = @p11, "KullaniciAdi" = @p12
      WHERE "Id" = @p13;
dbug: Microsoft.EntityFrameworkCore.Database.Command[20301]
      Closing data reader to 'postgres' on server 'tcp://localhost:5432'.
dbug: Microsoft.EntityFrameworkCore.Database.Command[20300]
      A data reader for 'postgres' on server 'tcp://localhost:5432' is being disposed after spending 1ms reading results.
dbug: Microsoft.EntityFrameworkCore.Database.Connection[20002]
      Closing connection to database 'postgres' on server 'tcp://localhost:5432'.
dbug: Microsoft.EntityFrameworkCore.Database.Connection[20003]
      Closed connection to database 'postgres' on server 'tcp://localhost:5432' (0ms).
dbug: Microsoft.EntityFrameworkCore.ChangeTracking[10807]
      An entity of type 'User' tracked by 'ApplicationDbContext' changed state from 'Modified' to 'Unchanged'. Consider using 'DbContextOptionsBuilder.EnableSensitiveDataLogging' to see key values.
dbug: Microsoft.EntityFrameworkCore.Update[10005]
      SaveChanges completed for 'ApplicationDbContext' with 1 entities written to the database.
info: Microsoft.AspNetCore.Mvc.Infrastructure.ObjectResultExecutor[1]
      Executing OkObjectResult, writing value of type 'FiveS.Application.DTOs.Auth.LoginResponseDto'.
info: Microsoft.AspNetCore.Mvc.Infrastructure.ControllerActionInvoker[105]
      Executed action FiveS.Api.Controllers.AuthController.Login (FiveS.Api) in 405.7873ms
info: Microsoft.AspNetCore.Routing.EndpointMiddleware[1]
      Executed endpoint 'FiveS.Api.Controllers.AuthController.Login (FiveS.Api)'
dbug: Microsoft.EntityFrameworkCore.Infrastructure[10407]
      'ApplicationDbContext' disposed.
dbug: Microsoft.EntityFrameworkCore.Database.Connection[20007]
      Disposing connection to database 'postgres' on server 'tcp://localhost:5432'.
dbug: Microsoft.EntityFrameworkCore.Database.Connection[20008]
      Disposed connection to database 'postgres' on server 'tcp://localhost:5432' (0ms).
info: Microsoft.AspNetCore.Hosting.Diagnostics[2]
      Request finished HTTP/1.1 POST http://localhost:5000/api/auth/login - 200 - application/json;+charset=utf-8 406.1681ms
info: Microsoft.AspNetCore.Hosting.Diagnostics[1]
      Request starting HTTP/1.1 GET http://localhost:5000/api/AuditPlans - - -
info: Microsoft.AspNetCore.Routing.EndpointMiddleware[0]
      Executing endpoint 'FiveS.Api.Controllers.AuditPlansController.GetAll (FiveS.Api)'
info: Microsoft.AspNetCore.Mvc.Infrastructure.ControllerActionInvoker[102]
      Route matched with {action = "GetAll", controller = "AuditPlans"}. Executing controller action with signature System.Threading.Tasks.Task`1[Microsoft.AspNetCore.Mvc.ActionResult`1[System.Collections.Generic.IEnumerable`1[FiveS.Application.DTOs.AuditPlanDto]]] GetAll() on controller FiveS.Api.Controllers.AuditPlansController (FiveS.Api).
dbug: Microsoft.EntityFrameworkCore.Infrastructure[10403]
      Entity Framework Core 8.0.0 initialized 'ApplicationDbContext' using provider 'Npgsql.EntityFrameworkCore.PostgreSQL:8.0.0+2539d1f4bd0d429cbae20336d531d14938a54297' with options: None
dbug: Microsoft.EntityFrameworkCore.Query[10111]
      Compiling query expression: 
      'DbSet<AuditPlan>()
          .Include(ap => ap.Department)
          .ThenInclude(d => d.Sector)
          .Include(ap => ap.Department)
          .ThenInclude(d => d.Directorate)
          .Include(ap => ap.Area)
          .ThenInclude(a => a.Sector)
          .Include(ap => ap.Area)
          .ThenInclude(a => a.Directorate)
          .Include(ap => ap.Auditor)'
dbug: Microsoft.EntityFrameworkCore.Query[10112]
      Including navigation: 'AuditPlan.Department'.
dbug: Microsoft.EntityFrameworkCore.Query[10112]
      Including navigation: 'Department.Sector'.
dbug: Microsoft.EntityFrameworkCore.Query[10112]
      Including navigation: 'Department.Directorate'.
dbug: Microsoft.EntityFrameworkCore.Query[10112]
      Including navigation: 'AuditPlan.Area'.
dbug: Microsoft.EntityFrameworkCore.Query[10112]
      Including navigation: 'Area.Sector'.
dbug: Microsoft.EntityFrameworkCore.Query[10112]
      Including navigation: 'Area.Directorate'.
dbug: Microsoft.EntityFrameworkCore.Query[10112]
      Including navigation: 'AuditPlan.Auditor'.
dbug: Microsoft.EntityFrameworkCore.Query[10107]
      Generated query execution expression: 
      'queryContext => new SingleQueryingEnumerable<AuditPlan>(
          (RelationalQueryContext)queryContext, 
          RelationalCommandCache.QueryExpression(
              Client Projections:
                  0 -> Dictionary<IProperty, int> { [Property: AuditPlan.Id (int) Required PK AfterSave:Throw ValueGenerated.OnAdd, 0], [Property: AuditPlan.AreaId (int) Required FK Index, 1], [Property: AuditPlan.AuditorId (int) Required FK Index, 2], [Property: AuditPlan.CategoryId (int?) FK Index, 3], [Property: AuditPlan.CreatedAt (DateTime) Required, 4], [Property: AuditPlan.DepartmentId (int) Required FK Index, 5], [Property: AuditPlan.Name (string) Required MaxLength(255), 6], [Property: AuditPlan.Notes (string) MaxLength(2000), 7], [Property: AuditPlan.PlannedDate (DateTime) Required, 8], [Property: AuditPlan.Status (AuditPlanStatus) Required MaxLength(50), 9], [Property: AuditPlan.UpdatedAt (DateTime?), 10] }
                  1 -> Dictionary<IProperty, int> { [Property: Department.Id (int) Required PK AfterSave:Throw ValueGenerated.OnAdd, 11], [Property: Department.CreatedAt (DateTime) Required, 12], [Property: Department.Description (string) MaxLength(1000), 13], [Property: Department.DirectorateId (int?) FK Index, 14], [Property: Department.IsActive (bool) Required, 15], [Property: Department.Name (string) Required Index MaxLength(255), 16], [Property: Department.SectorId (int?) FK Index, 17], [Property: Department.UpdatedAt (DateTime?), 18] }
                  2 -> Dictionary<IProperty, int> { [Property: Sector.Id (int) Required PK AfterSave:Throw ValueGenerated.OnAdd, 19], [Property: Sector.CreatedAt (DateTime) Required, 20], [Property: Sector.Description (string) MaxLength(500), 21], [Property: Sector.IsActive (bool) Required Sentinel:True ValueGenerated.OnAdd, 22], [Property: Sector.Name (string) Required MaxLength(100), 23], [Property: Sector.UpdatedAt (DateTime?), 24] }
                  3 -> Dictionary<IProperty, int> { [Property: Directorate.Id (int) Required PK AfterSave:Throw ValueGenerated.OnAdd, 25], [Property: Directorate.CreatedAt (DateTime) Required, 26], [Property: Directorate.Description (string) MaxLength(500), 27], [Property: Directorate.IsActive (bool) Required Sentinel:True ValueGenerated.OnAdd, 28], [Property: Directorate.Name (string) Required MaxLength(100), 29], [Property: Directorate.UpdatedAt (DateTime?), 30] }
                  4 -> Dictionary<IProperty, int> { [Property: Area.Id (int) Required PK AfterSave:Throw ValueGenerated.OnAdd, 31], [Property: Area.CreatedAt (DateTime) Required, 32], [Property: Area.DepartmentId (int) Required FK Index, 33], [Property: Area.Description (string) MaxLength(1000), 34], [Property: Area.DirectorateId (int?) FK Index, 35], [Property: Area.IsActive (bool) Required, 36], [Property: Area.Name (string) Required MaxLength(255), 37], [Property: Area.SectorId (int?) FK Index, 38], [Property: Area.Supervisor (string) MaxLength(200), 39], [Property: Area.UpdatedAt (DateTime?), 40] }
                  5 -> Dictionary<IProperty, int> { [Property: Sector.Id (int) Required PK AfterSave:Throw ValueGenerated.OnAdd, 41], [Property: Sector.CreatedAt (DateTime) Required, 42], [Property: Sector.Description (string) MaxLength(500), 43], [Property: Sector.IsActive (bool) Required Sentinel:True ValueGenerated.OnAdd, 44], [Property: Sector.Name (string) Required MaxLength(100), 45], [Property: Sector.UpdatedAt (DateTime?), 46] }
                  6 -> Dictionary<IProperty, int> { [Property: Directorate.Id (int) Required PK AfterSave:Throw ValueGenerated.OnAdd, 47], [Property: Directorate.CreatedAt (DateTime) Required, 48], [Property: Directorate.Description (string) MaxLength(500), 49], [Property: Directorate.IsActive (bool) Required Sentinel:True ValueGenerated.OnAdd, 50], [Property: Directorate.Name (string) Required MaxLength(100), 51], [Property: Directorate.UpdatedAt (DateTime?), 52] }
                  7 -> Dictionary<IProperty, int> { [Property: User.Id (int) Required PK AfterSave:Throw ValueGenerated.OnAdd, 53], [Property: User.CreatedAt (DateTime) Required, 54], [Property: User.DepartmentId (int?) FK Index, 55], [Property: User.DirectorateId (int?) FK Index, 56], [Property: User.Email (string) Required Index MaxLength(255), 57], [Property: User.IsActive (bool) Required, 58], [Property: User.LastLogin (DateTime?), 59], [Property: User.Name (string) Required MaxLength(255), 60], [Property: User.PasswordHash (string) Required, 61], [Property: User.Role (UserRole) Required MaxLength(50), 62], [Property: User.SectorId (int?) FK Index, 63], [Property: User.Sicil (string) MaxLength(50), 64], [Property: User.UpdatedAt (DateTime?), 65], [Property: User.Username (string) Index MaxLength(100), 66] }
              SELECT d.Id, d.AlanId, d.DenetciId, d.KategoriId, d.OlusturmaTarihi, d.BolumId, d.PlanAdi, d.Notlar, d.PlanlananTarih, d.Durum, d.GuncellemeTarihi, b.Id, b.OlusturmaTarihi, b.Aciklama, b.DirektorlukId, b.Aktif, b.BolumAdi, b.SektorId, b.GuncellemeTarihi, s.Id, s.OlusturmaTarihi, s.Aciklama, s.Aktif, s.SektorAdi, s.GuncellemeTarihi, d0.Id, d0.OlusturmaTarihi, d0.Aciklama, d0.Aktif, d0.DirektorlukAdi, d0.GuncellemeTarihi, a.Id, a.OlusturmaTarihi, a.BolumId, a.Aciklama, a.DirektorlukId, a.Aktif, a.AlanAdi, a.SektorId, a.Sorumlu, a.GuncellemeTarihi, s0.Id, s0.OlusturmaTarihi, s0.Aciklama, s0.Aktif, s0.SektorAdi, s0.GuncellemeTarihi, d1.Id, d1.OlusturmaTarihi, d1.Aciklama, d1.Aktif, d1.DirektorlukAdi, d1.GuncellemeTarihi, k.Id, k.OlusturmaTarihi, k.BolumId, k.DirektorlukId, k.Email, k.Aktif, k.SonGiris, k.AdSoyad, k.Sifre, k.Rol, k.SektorId, k.SicilNo, k.GuncellemeTarihi, k.KullaniciAdi
              FROM DenetimPlanlari AS d
              INNER JOIN Bolumler AS b ON d.BolumId == b.Id
              LEFT JOIN Sektorler AS s ON b.SektorId == s.Id
              LEFT JOIN Direktorlukler AS d0 ON b.DirektorlukId == d0.Id
              INNER JOIN Alanlar AS a ON d.AlanId == a.Id
              LEFT JOIN Sektorler AS s0 ON a.SektorId == s0.Id
              LEFT JOIN Direktorlukler AS d1 ON a.DirektorlukId == d1.Id
              INNER JOIN Kullanicilar AS k ON d.DenetciId == k.Id), 
          null, 
          Func<QueryContext, DbDataReader, ResultContext, SingleQueryResultCoordinator, AuditPlan>, 
          FiveS.Infrastructure.Data.ApplicationDbContext, 
          False, 
          False, 
          True
      )'
dbug: Microsoft.EntityFrameworkCore.Database.Connection[20005]
      Creating DbConnection.
dbug: Microsoft.EntityFrameworkCore.Database.Connection[20006]
      Created DbConnection. (0ms).
dbug: Microsoft.EntityFrameworkCore.Database.Connection[20000]
      Opening connection to database 'postgres' on server 'tcp://localhost:5432'.
dbug: Microsoft.EntityFrameworkCore.Database.Connection[20001]
      Opened connection to database 'postgres' on server 'tcp://localhost:5432'.
dbug: Microsoft.EntityFrameworkCore.Database.Command[20103]
      Creating DbCommand for 'ExecuteReader'.
dbug: Microsoft.EntityFrameworkCore.Database.Command[20104]
      Created DbCommand for 'ExecuteReader' (0ms).
dbug: Microsoft.EntityFrameworkCore.Database.Command[20106]
      Initialized DbCommand for 'ExecuteReader' (0ms).
dbug: Microsoft.EntityFrameworkCore.Database.Command[20100]
      Executing DbCommand [Parameters=[], CommandType='Text', CommandTimeout='30']
      SELECT d."Id", d."AlanId", d."DenetciId", d."KategoriId", d."OlusturmaTarihi", d."BolumId", d."PlanAdi", d."Notlar", d."PlanlananTarih", d."Durum", d."GuncellemeTarihi", b."Id", b."OlusturmaTarihi", b."Aciklama", b."DirektorlukId", b."Aktif", b."BolumAdi", b."SektorId", b."GuncellemeTarihi", s."Id", s."OlusturmaTarihi", s."Aciklama", s."Aktif", s."SektorAdi", s."GuncellemeTarihi", d0."Id", d0."OlusturmaTarihi", d0."Aciklama", d0."Aktif", d0."DirektorlukAdi", d0."GuncellemeTarihi", a."Id", a."OlusturmaTarihi", a."BolumId", a."Aciklama", a."DirektorlukId", a."Aktif", a."AlanAdi", a."SektorId", a."Sorumlu", a."GuncellemeTarihi", s0."Id", s0."OlusturmaTarihi", s0."Aciklama", s0."Aktif", s0."SektorAdi", s0."GuncellemeTarihi", d1."Id", d1."OlusturmaTarihi", d1."Aciklama", d1."Aktif", d1."DirektorlukAdi", d1."GuncellemeTarihi", k."Id", k."OlusturmaTarihi", k."BolumId", k."DirektorlukId", k."Email", k."Aktif", k."SonGiris", k."AdSoyad", k."Sifre", k."Rol", k."SektorId", k."SicilNo", k."GuncellemeTarihi", k."KullaniciAdi"
      FROM "DenetimPlanlari" AS d
      INNER JOIN "Bolumler" AS b ON d."BolumId" = b."Id"
      LEFT JOIN "Sektorler" AS s ON b."SektorId" = s."Id"
      LEFT JOIN "Direktorlukler" AS d0 ON b."DirektorlukId" = d0."Id"
      INNER JOIN "Alanlar" AS a ON d."AlanId" = a."Id"
      LEFT JOIN "Sektorler" AS s0 ON a."SektorId" = s0."Id"
      LEFT JOIN "Direktorlukler" AS d1 ON a."DirektorlukId" = d1."Id"
      INNER JOIN "Kullanicilar" AS k ON d."DenetciId" = k."Id"
fail: Microsoft.EntityFrameworkCore.Database.Command[20102]
      Failed executing DbCommand (2ms) [Parameters=[], CommandType='Text', CommandTimeout='30']
      SELECT d."Id", d."AlanId", d."DenetciId", d."KategoriId", d."OlusturmaTarihi", d."BolumId", d."PlanAdi", d."Notlar", d."PlanlananTarih", d."Durum", d."GuncellemeTarihi", b."Id", b."OlusturmaTarihi", b."Aciklama", b."DirektorlukId", b."Aktif", b."BolumAdi", b."SektorId", b."GuncellemeTarihi", s."Id", s."OlusturmaTarihi", s."Aciklama", s."Aktif", s."SektorAdi", s."GuncellemeTarihi", d0."Id", d0."OlusturmaTarihi", d0."Aciklama", d0."Aktif", d0."DirektorlukAdi", d0."GuncellemeTarihi", a."Id", a."OlusturmaTarihi", a."BolumId", a."Aciklama", a."DirektorlukId", a."Aktif", a."AlanAdi", a."SektorId", a."Sorumlu", a."GuncellemeTarihi", s0."Id", s0."OlusturmaTarihi", s0."Aciklama", s0."Aktif", s0."SektorAdi", s0."GuncellemeTarihi", d1."Id", d1."OlusturmaTarihi", d1."Aciklama", d1."Aktif", d1."DirektorlukAdi", d1."GuncellemeTarihi", k."Id", k."OlusturmaTarihi", k."BolumId", k."DirektorlukId", k."Email", k."Aktif", k."SonGiris", k."AdSoyad", k."Sifre", k."Rol", k."SektorId", k."SicilNo", k."GuncellemeTarihi", k."KullaniciAdi"
      FROM "DenetimPlanlari" AS d
      INNER JOIN "Bolumler" AS b ON d."BolumId" = b."Id"
      LEFT JOIN "Sektorler" AS s ON b."SektorId" = s."Id"
      LEFT JOIN "Direktorlukler" AS d0 ON b."DirektorlukId" = d0."Id"
      INNER JOIN "Alanlar" AS a ON d."AlanId" = a."Id"
      LEFT JOIN "Sektorler" AS s0 ON a."SektorId" = s0."Id"
      LEFT JOIN "Direktorlukler" AS d1 ON a."DirektorlukId" = d1."Id"
      INNER JOIN "Kullanicilar" AS k ON d."DenetciId" = k."Id"
dbug: Microsoft.EntityFrameworkCore.Database.Connection[20002]
      Closing connection to database 'postgres' on server 'tcp://localhost:5432'.
dbug: Microsoft.EntityFrameworkCore.Database.Connection[20003]
      Closed connection to database 'postgres' on server 'tcp://localhost:5432' (0ms).
fail: Microsoft.EntityFrameworkCore.Query[10100]
      An exception occurred while iterating over the results of a query for context type 'FiveS.Infrastructure.Data.ApplicationDbContext'.
      Npgsql.PostgresException (0x80004005): 42703: column d.KategoriId does not exist
      
      POSITION: 43
         at Npgsql.Internal.NpgsqlConnector.ReadMessageLong(Boolean async, DataRowLoadingMode dataRowLoadingMode, Boolean readingNotifications, Boolean isReadingPrependedMessage)
         at System.Runtime.CompilerServices.PoolingAsyncValueTaskMethodBuilder`1.StateMachineBox`1.System.Threading.Tasks.Sources.IValueTaskSource<TResult>.GetResult(Int16 token)
         at Npgsql.NpgsqlDataReader.NextResult(Boolean async, Boolean isConsuming, CancellationToken cancellationToken)
         at Npgsql.NpgsqlDataReader.NextResult(Boolean async, Boolean isConsuming, CancellationToken cancellationToken)
         at Npgsql.NpgsqlCommand.ExecuteReader(Boolean async, CommandBehavior behavior, CancellationToken cancellationToken)
         at Npgsql.NpgsqlCommand.ExecuteReader(Boolean async, CommandBehavior behavior, CancellationToken cancellationToken)
         at Npgsql.NpgsqlCommand.ExecuteDbDataReaderAsync(CommandBehavior behavior, CancellationToken cancellationToken)
         at Microsoft.EntityFrameworkCore.Storage.RelationalCommand.ExecuteReaderAsync(RelationalCommandParameterObject parameterObject, CancellationToken cancellationToken)
         at Microsoft.EntityFrameworkCore.Storage.RelationalCommand.ExecuteReaderAsync(RelationalCommandParameterObject parameterObject, CancellationToken cancellationToken)
         at Microsoft.EntityFrameworkCore.Query.Internal.SingleQueryingEnumerable`1.AsyncEnumerator.InitializeReaderAsync(AsyncEnumerator enumerator, CancellationToken cancellationToken)
         at Npgsql.EntityFrameworkCore.PostgreSQL.Storage.Internal.NpgsqlExecutionStrategy.ExecuteAsync[TState,TResult](TState state, Func`4 operation, Func`4 verifySucceeded, CancellationToken cancellationToken)
         at Microsoft.EntityFrameworkCore.Query.Internal.SingleQueryingEnumerable`1.AsyncEnumerator.MoveNextAsync()
        Exception data:
          Severity: ERROR
          SqlState: 42703
          MessageText: column d.KategoriId does not exist
          Position: 43
          File: parse_relation.c
          Line: 3657
          Routine: errorMissingColumn
      Npgsql.PostgresException (0x80004005): 42703: column d.KategoriId does not exist
      
      POSITION: 43
         at Npgsql.Internal.NpgsqlConnector.ReadMessageLong(Boolean async, DataRowLoadingMode dataRowLoadingMode, Boolean readingNotifications, Boolean isReadingPrependedMessage)
         at System.Runtime.CompilerServices.PoolingAsyncValueTaskMethodBuilder`1.StateMachineBox`1.System.Threading.Tasks.Sources.IValueTaskSource<TResult>.GetResult(Int16 token)
         at Npgsql.NpgsqlDataReader.NextResult(Boolean async, Boolean isConsuming, CancellationToken cancellationToken)
         at Npgsql.NpgsqlDataReader.NextResult(Boolean async, Boolean isConsuming, CancellationToken cancellationToken)
         at Npgsql.NpgsqlCommand.ExecuteReader(Boolean async, CommandBehavior behavior, CancellationToken cancellationToken)
         at Npgsql.NpgsqlCommand.ExecuteReader(Boolean async, CommandBehavior behavior, CancellationToken cancellationToken)
         at Npgsql.NpgsqlCommand.ExecuteDbDataReaderAsync(CommandBehavior behavior, CancellationToken cancellationToken)
         at Microsoft.EntityFrameworkCore.Storage.RelationalCommand.ExecuteReaderAsync(RelationalCommandParameterObject parameterObject, CancellationToken cancellationToken)
         at Microsoft.EntityFrameworkCore.Storage.RelationalCommand.ExecuteReaderAsync(RelationalCommandParameterObject parameterObject, CancellationToken cancellationToken)
         at Microsoft.EntityFrameworkCore.Query.Internal.SingleQueryingEnumerable`1.AsyncEnumerator.InitializeReaderAsync(AsyncEnumerator enumerator, CancellationToken cancellationToken)
         at Npgsql.EntityFrameworkCore.PostgreSQL.Storage.Internal.NpgsqlExecutionStrategy.ExecuteAsync[TState,TResult](TState state, Func`4 operation, Func`4 verifySucceeded, CancellationToken cancellationToken)
         at Microsoft.EntityFrameworkCore.Query.Internal.SingleQueryingEnumerable`1.AsyncEnumerator.MoveNextAsync()
        Exception data:
          Severity: ERROR
          SqlState: 42703
          MessageText: column d.KategoriId does not exist
          Position: 43
          File: parse_relation.c
          Line: 3657
          Routine: errorMissingColumn
fail: FiveS.Api.Controllers.AuditPlansController[0]
      Error retrieving audit plans
      Npgsql.PostgresException (0x80004005): 42703: column d.KategoriId does not exist
      
      POSITION: 43
         at Npgsql.Internal.NpgsqlConnector.ReadMessageLong(Boolean async, DataRowLoadingMode dataRowLoadingMode, Boolean readingNotifications, Boolean isReadingPrependedMessage)
         at System.Runtime.CompilerServices.PoolingAsyncValueTaskMethodBuilder`1.StateMachineBox`1.System.Threading.Tasks.Sources.IValueTaskSource<TResult>.GetResult(Int16 token)
         at Npgsql.NpgsqlDataReader.NextResult(Boolean async, Boolean isConsuming, CancellationToken cancellationToken)
         at Npgsql.NpgsqlDataReader.NextResult(Boolean async, Boolean isConsuming, CancellationToken cancellationToken)
         at Npgsql.NpgsqlCommand.ExecuteReader(Boolean async, CommandBehavior behavior, CancellationToken cancellationToken)
         at Npgsql.NpgsqlCommand.ExecuteReader(Boolean async, CommandBehavior behavior, CancellationToken cancellationToken)
         at Npgsql.NpgsqlCommand.ExecuteDbDataReaderAsync(CommandBehavior behavior, CancellationToken cancellationToken)
         at Microsoft.EntityFrameworkCore.Storage.RelationalCommand.ExecuteReaderAsync(RelationalCommandParameterObject parameterObject, CancellationToken cancellationToken)
         at Microsoft.EntityFrameworkCore.Storage.RelationalCommand.ExecuteReaderAsync(RelationalCommandParameterObject parameterObject, CancellationToken cancellationToken)
         at Microsoft.EntityFrameworkCore.Query.Internal.SingleQueryingEnumerable`1.AsyncEnumerator.InitializeReaderAsync(AsyncEnumerator enumerator, CancellationToken cancellationToken)
         at Npgsql.EntityFrameworkCore.PostgreSQL.Storage.Internal.NpgsqlExecutionStrategy.ExecuteAsync[TState,TResult](TState state, Func`4 operation, Func`4 verifySucceeded, CancellationToken cancellationToken)
         at Microsoft.EntityFrameworkCore.Query.Internal.SingleQueryingEnumerable`1.AsyncEnumerator.MoveNextAsync()
         at Microsoft.EntityFrameworkCore.EntityFrameworkQueryableExtensions.ToListAsync[TSource](IQueryable`1 source, CancellationToken cancellationToken)
         at Microsoft.EntityFrameworkCore.EntityFrameworkQueryableExtensions.ToListAsync[TSource](IQueryable`1 source, CancellationToken cancellationToken)
         at FiveS.Application.Services.AuditPlanService.GetAllAuditPlansAsync() in C:\Users\akostek\Desktop\5S_Güncel\Backend\FiveS.Application\Services\AuditPlanService.cs:line 78
         at FiveS.Api.Controllers.AuditPlansController.GetAll() in C:\Users\akostek\Desktop\5S_Güncel\Backend\FiveS.Api\Controllers\AuditPlansController.cs:line 32
        Exception data:
          Severity: ERROR
          SqlState: 42703
          MessageText: column d.KategoriId does not exist
          Position: 43
          File: parse_relation.c
          Line: 3657
          Routine: errorMissingColumn
info: Microsoft.AspNetCore.Mvc.Infrastructure.ObjectResultExecutor[1]
      Executing ObjectResult, writing value of type '<>f__AnonymousType0`1[[System.String, System.Private.CoreLib, Version=8.0.0.0, Culture=neutral, PublicKeyToken=7cec85d7bea7798e]]'.
info: Microsoft.AspNetCore.Mvc.Infrastructure.ControllerActionInvoker[105]
      Executed action FiveS.Api.Controllers.AuditPlansController.GetAll (FiveS.Api) in 36.4256ms
info: Microsoft.AspNetCore.Routing.EndpointMiddleware[1]
      Executed endpoint 'FiveS.Api.Controllers.AuditPlansController.GetAll (FiveS.Api)'
dbug: Microsoft.EntityFrameworkCore.Infrastructure[10407]
      'ApplicationDbContext' disposed.
dbug: Microsoft.EntityFrameworkCore.Database.Connection[20007]
      Disposing connection to database 'postgres' on server 'tcp://localhost:5432'.
dbug: Microsoft.EntityFrameworkCore.Database.Connection[20008]
      Disposed connection to database 'postgres' on server 'tcp://localhost:5432' (0ms).
info: Microsoft.AspNetCore.Hosting.Diagnostics[2]
      Request finished HTTP/1.1 GET http://localhost:5000/api/AuditPlans - 500 - application/json;+charset=utf-8 56.3713ms
